---------------------------------------
Resource Usage Report for top 

Mapping to part: pgl22gbg324-6
Cell usage:
GTP_DDC_E1      5 uses
GTP_DDRC        1 use
GTP_DDRPHY      1 use
GTP_DFF         146 uses
GTP_DFF_C       819 uses
GTP_DFF_CE      291 uses
GTP_DFF_E       59 uses
GTP_DFF_P       18 uses
GTP_DFF_PE      4 uses
GTP_DFF_R       30 uses
GTP_DFF_RE      25 uses
GTP_DFF_S       7 uses
GTP_DFF_SE      13 uses
GTP_DLL         2 uses
GTP_DRM18K      4 uses
GTP_DRM9K       1 use
GTP_GRS         1 use
GTP_INV         78 uses
GTP_IOCLKBUF    2 uses
GTP_IOCLKDIV    1 use
GTP_IODELAY     16 uses
GTP_ISERDES     16 uses
GTP_LUT2        526 uses
GTP_LUT3        405 uses
GTP_LUT4        301 uses
GTP_LUT5        363 uses
GTP_LUT5CARRY   1131 uses
GTP_LUT5M       4 uses
GTP_OSERDES     54 uses
GTP_PLL_E1      2 uses
GTP_ROM256X1    22 uses
GTP_ROM32X1     16 uses
GTP_ROM64X1     30 uses

I/O ports: 110
GTP_INBUF      19 uses
GTP_INBUFG     2 uses
GTP_IOBUF      18 uses
GTP_IOBUFCO    2 uses
GTP_OUTBUF     29 uses
GTP_OUTBUFT    36 uses
GTP_OUTBUFTCO  1 use


RAM/ROM usage summary

Distributed Rams : 68.00 of 1110 (6.13%)


Mapping Summary:
Total LUTs: 2982 of 17536 (17.01%)
	LUTs as dram: 0 of 4440 (0.00%)
	LUTs as logic: 2982 
Total Registers: 1412 of 26304 (5.37%)

DRM18K:
Total DRM18K =  4.5 of 48 (9.38%)

APMs:
Total APMs =  0.00 of 30 (0.00%)

Total I/O primitives =  107 of 240 (44.58%)


 Number of unique control sets:              84
 CLK(clk_d_i_i), C(GND), P(GND), CE(rst_n_c)		: 4
 CLK(sys_clk_c[0]), C(rst_n_c_i_0), P(GND), CE(VCC)		: 270
 CLK(sys_clk_c[0]), C(GND), P(rst_n_c_i_0), CE(VCC)		: 5
 CLK(clk_50hz_i_i), C(GND), P(GND), CE(VCC)		: 1
 CLK(sys_clk_c[0]), C(rst_n_c_i_0), P(GND), CE(un1_state_5_g)		: 4
 CLK(clk_50hz_i_i), C(GND), P(GND), CE(key_flag_0)		: 4
 CLK(sys_clk_c[0]), C(GND), P(rst_n_c_i_0), CE(clk_50hz_2_0_0)		: 1
 CLK(sys_clk_c[0]), C(rst_n_c_i_0), P(GND), CE(clk_50hz_2_0_0)		: 4
 CLK(clk_50hz_i_i), C(rst_n_c_i_0), P(GND), CE(key_flag_i_0_0)		: 8
 CLK(sys_clk_c[0]), C(rst_n_c_i_0), P(GND), CE(keystrokes_13)		: 4
 CLK(sys_clk_c[0]), C(GND), P(GND), CE(keystrokes_1_0_sqmuxa)		: 8
 CLK(pulse_zh_i), C(rst_n_c_i_0), P(GND), CE(VCC)		: 88
 CLK(sys_clk_c[0]), C(rst_n_c_i_0), P(GND), CE(clk_10hz_2_0_0)		: 32
 CLK(sys_clk_c[0]), C(GND), P(GND), CE(rst_n_c)		: 6
 CLK(sys_clk_c[0]), C(GND), P(GND), CE(kind_i_0[3])		: 5
 CLK(sys_clk_c[0]), C(GND), P(GND), CE(un1_kind_2)		: 4
 CLK(sys_clk_c[0]), C(GND), P(GND), CE(VCC)		: 29
 CLK(pulse_zh_i), C(rst_n_c_i_0), P(GND), CE(N_16_i_0)		: 16
 CLK(pulse_zh_i), C(rst_n_c_i_0), P(GND), CE(en_y1_i_0[0])		: 16
 CLK(sys_clk_c[0]), R(un1_kind_3), S(GND), CE(kind_i_0[3])		: 5
 CLK(clkout3_i), C(rst_n_c_i_0), P(GND), CE(VCC)		: 134
 CLK(clkout3_i), C(GND), P(GND), CE(VCC)		: 1
 CLK(clkout3_i), C(GND), P(rst_n_c_i_0), CE(VCC)		: 4
 CLK(clkout3_i), C(rst_n_c_i_0), P(GND), CE(N_692_i_0)		: 2
 CLK(clkout3_i), C(rst_n_c_i_0), P(GND), CE(rd_state_0_sqmuxa)		: 2
 CLK(clkout3_i), C(rst_n_c_i_0), P(GND), CE(un1_M_AXI_AWLOCK_15_0_0)		: 21
 CLK(clkout3_i), C(rst_n_c_i_0), P(GND), CE(reg_rd_lence[0])		: 2
 CLK(clkout3_i), C(rst_n_c_i_0), P(GND), CE(un1_MASTER_RST_2_0_0)		: 21
 CLK(clkout3_i), C(rst_n_c_i_0), P(GND), CE(reg_wr_lence[0])		: 2
 CLK(clkout3_i), C(rst_n_c_i_0), P(GND), CE(reg_w_lene)		: 8
 CLK(clkout3_i), C(rst_n_c_i_0), P(GND), CE(reg_r_lene)		: 8
 CLK(clkout3_i), C(rst_n_c_i_0), P(GND), CE(rd_fifo_cnte)		: 32
 CLK(clkout1_i), C(global_reset_i_0), P(GND), CE(dll_step_copy_synced4_NE_i_0)		: 8
 CLK(clkout1_i), C(GND), P(global_reset_i_0), CE(VCC)		: 5
 CLK(clkout1_i), C(global_reset_i_0), P(GND), CE(VCC)		: 40
 CLK(dll_update_n_i), C(global_reset_i_0), P(GND), CE(VCC)		: 8
 CLK(clkout1_i), C(GND), P(GND), CE(VCC)		: 34
 CLK(clkout1_i), C(GND), P(global_reset_i_0), CE(N_80_i_0)		: 1
 CLK(clkout1_i), C(global_reset_i_0), P(GND), CE(N_80_i_0)		: 1
 CLK(clkout1_i), C(rst_n_c_i_0), P(GND), CE(VCC)		: 17
 CLK(clkout1_i), C(GND), P(rst_n_c_i_0), CE(VCC)		: 1
 CLK(clkout1_i), C(rst_n_c_i_0), P(GND), CE(N_6_i_0)		: 8
 CLK(clkout1_i), C(presetn_i_0), P(GND), CE(VCC)		: 3
 CLK(clkout1_i), C(presetn_i_0), P(GND), CE(cnte)		: 7
 CLK(clkout1_i), C(resetn_i_0), P(GND), CE(un1_init_preset8_0_a2)		: 1
 CLK(clkout1_i), C(GND), P(resetn_i_0), CE(un1_init_preset8_0_a2)		: 1
 CLK(clkout1_i), C(GND), P(resetn_i_0), CE(VCC)		: 1
 CLK(clkout1_i), C(GND), P(resetn_i_0), CE(ddrc_init_done)		: 1
 CLK(clkout1_i), C(resetn_i_0), P(GND), CE(ddrc_init_done)		: 1
 CLK(clkout1_i), C(resetn_i_0), P(GND), CE(ddrc_rst_cnte)		: 5
 CLK(clkout1_i), C(resetn_i_0), P(GND), CE(rst_cnt7)		: 5
 CLK(clkout3_i), C(rst_n_c_i_0), P(GND), CE(wait_cnte)		: 8
 CLK(clkout3_i), C(rst_n_c_i_0), P(GND), CE(read_cnte)		: 19
 CLK(clkout0_i), C(read_fifo_aclr), P(GND), CE(VCC)		: 37
 CLK(clkout3_i), C(read_fifo_aclr), P(GND), CE(VCC)		: 44
 CLK(clkout0_i), C(GND), P(read_fifo_aclr), CE(VCC)		: 1
 CLK(clkout3_i), C(rst_n_c_i_0), P(GND), CE(write_cnte)		: 19
 CLK(clkout3_i), C(write_fifo_aclr), P(GND), CE(VCC)		: 38
 CLK(cmos_pclk_c), C(write_fifo_aclr), P(GND), CE(VCC)		: 38
 CLK(clkout3_i), C(GND), P(write_fifo_aclr), CE(VCC)		: 1
 CLK(clkout0_i), C(rst_n_c_i_0), P(GND), CE(VCC)		: 79
 CLK(clkout0_i), C(rst_n_c_i_0), P(GND), CE(hs_reg5)		: 12
 CLK(clkout0_i), C(GND), P(GND), CE(rst_n_c)		: 3
 CLK(cmos_pclk_c), C(rst_n_c_i_0), P(GND), CE(write_req5)		: 2
 CLK(cmos_pclk_c), C(rst_n_c_i_0), P(GND), CE(VCC)		: 23
 CLK(cmos_pclk_c), C(GND), P(GND), CE(VCC)		: 8
 CLK(sys_clk_c[0]), R(core_cmd46), S(GND), CE(clk_en)		: 15
 CLK(sys_clk_c[0]), R(un1_cSCL8_3_i_0), S(GND), CE(VCC)		: 8
 CLK(sys_clk_c[0]), R(rst_n_c_i_0), S(GND), CE(VCC)		: 6
 CLK(sys_clk_c[0]), C(GND), P(GND), CE(cnte)		: 16
 CLK(sys_clk_c[0]), R(core_cmd46), S(GND), CE(VCC)		: 4
 CLK(sys_clk_c[0]), C(GND), P(GND), CE(un1_sda_oen_0_sqmuxa_0)		: 2
 CLK(sys_clk_c[0]), C(GND), P(GND), CE(un1_scl_oen_0_sqmuxa_0)		: 2
 CLK(sys_clk_c[0]), R(i2c_al), S(GND), CE(VCC)		: 3
 CLK(sys_clk_c[0]), C(GND), P(GND), CE(un1_cSCL8_3_i_0)		: 6
 CLK(sys_clk_c[0]), R(rst_n_c_i_0), S(GND), CE(shift_ns)		: 3
 CLK(sys_clk_c[0]), R(core_cmd46), S(GND), CE(core_ack)		: 1
 CLK(sys_clk_c[0]), C(GND), P(GND), CE(core_cmd_4_sqmuxa_0_a3_i)		: 4
 CLK(sys_clk_c[0]), C(GND), P(GND), CE(un1_rst_2_i_0)		: 8
 CLK(sys_clk_c[0]), C(rst_n_c_i_0), P(GND), CE(done)		: 3
 CLK(sys_clk_c[0]), C(rst_n_c_i_0), P(GND), CE(lut_indexe)		: 10
 CLK(clkout1_i), R(TMDS_mod5[2]), S(GND), CE(CO0)		: 1
 CLK(clkout1_i), R(TMDS_mod5[2]), S(GND), CE(VCC)		: 9
 CLK(clkout0_i), C(GND), P(GND), CE(VCC)		: 80

